2026-07-08 00:07:49 - run_phase4 - INFO - Initializing Phase 4 Model Diagnosis and Tuning Pipeline...
2026-07-08 00:07:49 - run_phase4 - INFO - --- TASK 1: Verifying Phase 3 Baselines ---
2026-07-08 00:07:49 - run_phase4 - INFO - Successfully reloaded caml baseline metrics: 7 models evaluated.
2026-07-08 00:07:49 - run_phase4 - INFO - Successfully reloaded habsos baseline metrics: 7 models evaluated.
2026-07-08 00:07:49 - run_phase4 - INFO - Phase 3 baseline verification passed. Test sets remain quarantined.
2026-07-08 00:07:49 - run_phase4 - INFO - --- TASK 2: Diagnosing CAML Poor Performance ---
2026-07-08 00:07:49 - run_phase4 - INFO - Saved CAML diagnosis report to: reports\phase4\caml_failure_diagnosis.md
2026-07-08 00:07:49 - run_phase4 - INFO - --- TASK 3: Diagnosing HABSOS Performance ---
2026-07-08 00:07:49 - run_phase4 - INFO - Saved HABSOS diagnosis report to: reports\phase4\habsos_diagnosis.md
2026-07-08 00:07:49 - run_phase4 - INFO - --- TASK 4: Defining Model Selection Policy ---
2026-07-08 00:07:49 - run_phase4 - INFO - Saved selection policy to: reports\phase4\model_selection_policy.md
2026-07-08 00:07:49 - run_phase4 - INFO - Optimizing models for CAML using temporal predefined splits...
2026-07-08 00:07:50 - run_phase4 - INFO - Running Random Forest RandomizedSearchCV...
2026-07-08 00:07:53 - run_phase4 - INFO - Running HistGradientBoosting RandomizedSearchCV...
2026-07-08 00:08:02 - run_phase4 - INFO - CAML RF Best Params: {'n_estimators': 50, 'min_samples_split': 5, 'max_depth': 14, 'class_weight': 'balanced'} (F1: 0.5225)
2026-07-08 00:08:02 - run_phase4 - INFO - CAML HGB Best Params: {'max_iter': 100, 'max_depth': 6, 'learning_rate': 0.1, 'class_weight': 'balanced'} (F1: 0.4780)
2026-07-08 00:08:02 - run_phase4 - INFO - Optimizing models for HABSOS using temporal predefined splits...
2026-07-08 00:08:11 - run_phase4 - INFO - Running Random Forest RandomizedSearchCV...
2026-07-08 00:08:21 - run_phase4 - INFO - Running HistGradientBoosting RandomizedSearchCV...
2026-07-08 00:08:46 - run_phase4 - INFO - HABSOS RF Best Params: {'n_estimators': 50, 'min_samples_split': 5, 'max_depth': 8, 'class_weight': 'balanced'} (F1: 0.2033)
2026-07-08 00:08:46 - run_phase4 - INFO - HABSOS HGB Best Params: {'max_iter': 100, 'max_depth': 6, 'learning_rate': 0.05, 'class_weight': 'balanced'} (F1: 0.2051)
2026-07-08 00:08:46 - run_phase4 - INFO - Calibrating model probability outputs...
2026-07-08 00:08:46 - run_phase4 - INFO - Calibrating model probability outputs...
2026-07-08 00:08:46 - run_phase4 - INFO - Optimal Dangerous Threshold identified: 0.2 (Validation Dangerous Recall: 0.9619)
2026-07-08 00:08:46 - run_phase4 - INFO - Optimal Dangerous Threshold identified: 0.2 (Validation Dangerous Recall: 0.3885)
2026-07-08 00:08:47 - run_phase4 - INFO - Locked and serialized final models.
2026-07-08 00:08:47 - run_phase4 - INFO - Evaluating CAML on the untouched test partition...
2026-07-08 00:08:47 - run_phase4 - INFO - Evaluating HABSOS on the untouched test partition...
2026-07-08 00:08:48 - run_phase4 - INFO - Saved cost sensitive report to: reports\phase4\cost_sensitive_analysis.md
2026-07-08 00:08:48 - run_phase4 - INFO - Writing error analysis report to reports\phase4\error_analysis.md
2026-07-08 00:08:49 - run_phase4 - INFO - Phase 4 Pipeline completed successfully!
2026-07-08 00:09:35 - run_phase4 - INFO - Initializing Phase 4 Model Diagnosis and Tuning Pipeline...
2026-07-08 00:09:35 - run_phase4 - INFO - --- TASK 1: Verifying Phase 3 Baselines ---
2026-07-08 00:09:35 - run_phase4 - INFO - Successfully reloaded caml baseline metrics: 7 models evaluated.
2026-07-08 00:09:35 - run_phase4 - INFO - Successfully reloaded habsos baseline metrics: 7 models evaluated.
2026-07-08 00:09:35 - run_phase4 - INFO - Phase 3 baseline verification passed. Test sets remain quarantined.
2026-07-08 00:09:35 - run_phase4 - INFO - --- TASK 2: Diagnosing CAML Poor Performance ---
2026-07-08 00:09:35 - run_phase4 - INFO - Saved CAML diagnosis report to: reports\phase4\caml_failure_diagnosis.md
2026-07-08 00:09:35 - run_phase4 - INFO - --- TASK 3: Diagnosing HABSOS Performance ---
2026-07-08 00:09:36 - run_phase4 - INFO - Saved HABSOS diagnosis report to: reports\phase4\habsos_diagnosis.md
2026-07-08 00:09:36 - run_phase4 - INFO - --- TASK 4: Defining Model Selection Policy ---
2026-07-08 00:09:36 - run_phase4 - INFO - Saved selection policy to: reports\phase4\model_selection_policy.md
2026-07-08 00:09:36 - run_phase4 - INFO - Optimizing models for CAML using temporal predefined splits...
2026-07-08 00:09:36 - run_phase4 - INFO - Running Random Forest RandomizedSearchCV...
2026-07-08 00:09:39 - run_phase4 - INFO - Running HistGradientBoosting RandomizedSearchCV...
2026-07-08 00:09:47 - run_phase4 - INFO - CAML RF Best Params: {'n_estimators': 50, 'min_samples_split': 5, 'max_depth': 14, 'class_weight': 'balanced'} (F1: 0.5225)
2026-07-08 00:09:47 - run_phase4 - INFO - CAML HGB Best Params: {'max_iter': 100, 'max_depth': 6, 'learning_rate': 0.1, 'class_weight': 'balanced'} (F1: 0.4780)
2026-07-08 00:09:47 - run_phase4 - INFO - Optimizing models for HABSOS using temporal predefined splits...
2026-07-08 00:09:55 - run_phase4 - INFO - Running Random Forest RandomizedSearchCV...
2026-07-08 00:10:02 - run_phase4 - INFO - Running HistGradientBoosting RandomizedSearchCV...
2026-07-08 00:10:25 - run_phase4 - INFO - HABSOS RF Best Params: {'n_estimators': 50, 'min_samples_split': 5, 'max_depth': 8, 'class_weight': 'balanced'} (F1: 0.2033)
2026-07-08 00:10:25 - run_phase4 - INFO - HABSOS HGB Best Params: {'max_iter': 100, 'max_depth': 6, 'learning_rate': 0.05, 'class_weight': 'balanced'} (F1: 0.2051)
2026-07-08 00:10:25 - run_phase4 - INFO - Calibrating model probability outputs...
2026-07-08 00:10:26 - run_phase4 - INFO - Calibrating model probability outputs...
2026-07-08 00:10:26 - run_phase4 - INFO - Optimal Dangerous Threshold identified: 0.2 (Validation Dangerous Recall: 0.9619)
2026-07-08 00:10:26 - run_phase4 - INFO - Optimal Dangerous Threshold identified: 0.2 (Validation Dangerous Recall: 0.3885)
2026-07-08 00:10:26 - run_phase4 - INFO - Locked and serialized final models.
2026-07-08 00:10:27 - run_phase4 - INFO - Evaluating CAML on the untouched test partition...
2026-07-08 00:10:27 - run_phase4 - INFO - Evaluating HABSOS on the untouched test partition...
2026-07-08 00:10:27 - run_phase4 - INFO - Saved cost sensitive report to: reports\phase4\cost_sensitive_analysis.md
2026-07-08 00:10:27 - run_phase4 - INFO - Writing error analysis report to reports\phase4\error_analysis.md
2026-07-08 00:10:28 - run_phase4 - INFO - Saving final model registry to models\model_registry.json
2026-07-08 00:10:28 - run_phase4 - INFO - Phase 4 Pipeline completed successfully!
2026-07-08 00:41:27 - run_phase4 - INFO - Initializing Phase 4 Model Diagnosis and Tuning Pipeline...
2026-07-08 00:41:27 - run_phase4 - INFO - --- TASK 1: Verifying Phase 3 Baselines ---
2026-07-08 00:41:27 - run_phase4 - INFO - Successfully reloaded caml baseline metrics: 7 models evaluated.
2026-07-08 00:41:27 - run_phase4 - INFO - Successfully reloaded habsos baseline metrics: 7 models evaluated.
2026-07-08 00:41:27 - run_phase4 - INFO - Phase 3 baseline verification passed. Test sets remain quarantined.
2026-07-08 00:41:27 - run_phase4 - INFO - --- TASK 2: Diagnosing CAML Poor Performance ---
2026-07-08 00:41:28 - run_phase4 - INFO - Saved CAML diagnosis report to: reports\phase4\caml_failure_diagnosis.md
2026-07-08 00:41:28 - run_phase4 - INFO - --- TASK 3: Diagnosing HABSOS Performance ---
2026-07-08 00:41:28 - run_phase4 - INFO - Saved HABSOS diagnosis report to: reports\phase4\habsos_diagnosis.md
2026-07-08 00:41:28 - run_phase4 - INFO - --- TASK 4: Defining Model Selection Policy ---
2026-07-08 00:41:28 - run_phase4 - INFO - Saved selection policy to: reports\phase4\model_selection_policy.md
2026-07-08 00:41:28 - run_phase4 - INFO - Optimizing models for CAML using temporal predefined splits...
2026-07-08 00:41:28 - run_phase4 - INFO - Running Random Forest RandomizedSearchCV...
2026-07-08 00:41:33 - run_phase4 - INFO - Running HistGradientBoosting RandomizedSearchCV...
2026-07-08 00:41:42 - run_phase4 - INFO - CAML RF Best Params: {'n_estimators': 50, 'min_samples_split': 5, 'max_depth': 14, 'class_weight': 'balanced'} (F1: 0.5225)
2026-07-08 00:41:42 - run_phase4 - INFO - CAML HGB Best Params: {'max_iter': 100, 'max_depth': 6, 'learning_rate': 0.1, 'class_weight': 'balanced'} (F1: 0.4780)
2026-07-08 00:41:42 - run_phase4 - INFO - Optimizing models for HABSOS using temporal predefined splits...
2026-07-08 00:41:50 - run_phase4 - INFO - Running Random Forest RandomizedSearchCV...
2026-07-08 00:41:59 - run_phase4 - INFO - Running HistGradientBoosting RandomizedSearchCV...
2026-07-08 00:42:15 - run_phase4 - INFO - HABSOS RF Best Params: {'n_estimators': 50, 'min_samples_split': 5, 'max_depth': 8, 'class_weight': 'balanced'} (F1: 0.3627)
2026-07-08 00:42:15 - run_phase4 - INFO - HABSOS HGB Best Params: {'max_iter': 100, 'max_depth': 6, 'learning_rate': 0.05, 'class_weight': 'balanced'} (F1: 0.3279)
2026-07-08 00:42:15 - run_phase4 - INFO - Calibrating model probability outputs...
2026-07-08 00:42:15 - run_phase4 - INFO - Calibrating model probability outputs...
2026-07-08 00:42:15 - run_phase4 - INFO - Optimal Dangerous Threshold identified: 0.2 (Validation Dangerous Recall: 0.9359)
2026-07-08 00:42:16 - run_phase4 - INFO - Optimal Dangerous Threshold identified: 0.2 (Validation Dangerous Recall: 0.0751)
2026-07-08 00:42:16 - run_phase4 - INFO - Locked and serialized final models.
2026-07-08 00:42:16 - run_phase4 - INFO - Evaluating CAML on the untouched test partition...
2026-07-08 00:42:16 - run_phase4 - INFO - Evaluating HABSOS on the untouched test partition...
2026-07-08 00:42:17 - run_phase4 - INFO - Saved cost sensitive report to: reports\phase4\cost_sensitive_analysis.md
2026-07-08 00:42:17 - run_phase4 - INFO - Writing error analysis report to reports\phase4\error_analysis.md
2026-07-08 00:42:18 - run_phase4 - INFO - Saving final model registry to models\model_registry.json
2026-07-08 00:42:18 - run_phase4 - INFO - Phase 4 Pipeline completed successfully!
