2026-07-07 23:56:23 - run_phase2 - INFO - Initializing Phase 2 Preprocessing Pipeline...
2026-07-07 23:56:23 - run_phase2 - INFO - Starting CAML Preprocessing and splitting...
2026-07-07 23:56:23 - run_phase2 - INFO - CAML split sizes - Train: 19038, Val: 2252, Test: 2280
2026-07-07 23:56:23 - run_phase2 - INFO - Fitted CAML preprocessor saved to models\caml_preprocessor.joblib
2026-07-07 23:56:23 - run_phase2 - INFO - Starting HABSOS Preprocessing and splitting...
2026-07-07 23:56:24 - run_phase2 - INFO - HABSOS split sizes - Train: 185720, Val: 18494, Test: 7620
2026-07-07 23:56:37 - run_phase2 - INFO - Fitted HABSOS preprocessor saved to models\habsos_preprocessor.joblib
2026-07-07 23:56:37 - run_phase2 - INFO - Metadata file successfully saved to data/processed\split_metadata.json
2026-07-07 23:56:37 - run_phase2 - INFO - Phase 2 Pipeline successfully completed!
2026-07-08 00:03:13 - run_phase2 - INFO - Initializing Phase 2 Preprocessing Pipeline...
2026-07-08 00:03:13 - run_phase2 - INFO - Starting CAML Preprocessing and splitting...
2026-07-08 00:03:13 - run_phase2 - INFO - CAML split sizes - Train: 19038, Val: 2252, Test: 2280
2026-07-08 00:03:13 - run_phase2 - INFO - Fitted CAML preprocessor saved to models\caml_preprocessor.joblib
2026-07-08 00:03:13 - run_phase2 - INFO - Starting HABSOS Preprocessing and splitting...
2026-07-08 00:03:14 - run_phase2 - INFO - HABSOS split sizes - Train: 185720, Val: 18494, Test: 7620
2026-07-08 00:03:27 - run_phase2 - INFO - Fitted HABSOS preprocessor saved to models\habsos_preprocessor.joblib
2026-07-08 00:03:27 - run_phase2 - INFO - Metadata file successfully saved to data/processed\split_metadata.json
2026-07-08 00:03:27 - run_phase2 - INFO - Phase 2 Pipeline successfully completed!
2026-07-08 00:32:47 - run_phase2 - INFO - Initializing Phase 2 Preprocessing Pipeline...
2026-07-08 00:32:47 - run_phase2 - INFO - Starting CAML Preprocessing and splitting...
2026-07-08 00:32:47 - run_phase2 - INFO - CAML split sizes - Train: 19038, Val: 2252, Test: 2280
2026-07-08 00:32:47 - run_phase2 - INFO - Fitted CAML preprocessor saved to models\caml_preprocessor.joblib
2026-07-08 00:32:47 - run_phase2 - INFO - Starting HABSOS Preprocessing and splitting...
2026-07-08 00:32:48 - run_phase2 - INFO - HABSOS split sizes - Train: 185720, Val: 18494, Test: 7620
2026-07-08 00:33:02 - run_phase2 - INFO - Fitted HABSOS preprocessor saved to models\habsos_preprocessor.joblib
2026-07-08 00:33:02 - run_phase2 - INFO - Metadata file successfully saved to data/processed\split_metadata.json
2026-07-08 00:33:02 - run_phase2 - INFO - Phase 2 Pipeline successfully completed!
